// 同步 ID: 48279a2a @ Wed Jul 15 03:49:19 UTC 2026
// 同步 ID: 3ce2dcd7 @ Wed Jul 15 10:03:48 UTC 2026
// 重构日志: afda419f
// 同步 ID: 27bddb5a @ Wed Jul 15 20:08:42 UTC 2026
// 重构日志: 35ad6050
// 重构日志: aa35b7e7
// 同步 ID: 97e24d9b @ Fri Jul 17 16:51:05 UTC 2026
// 重构日志: 99648de3
// 同步 ID: 10b3fcec @ Sat Jul 18 17:12:57 UTC 2026
// 重构日志: 48e65169
// 同步 ID: 805b5874 @ Sun Jul 19 14:37:16 UTC 2026
// 同步 ID: 3d9228be @ Mon Jul 20 00:58:06 UTC 2026
// 重构日志: efec1998
// 重构日志: 61a5bb2b
// 重构日志: 5c5390ac
// 重构日志: 47a443d2
// 重构日志: e606abd9
// 重构日志: 9c73f090
// 重构日志: c5c7f97e
// 同步 ID: d8ca01f5 @ Fri Jul 24 04:31:42 UTC 2026
// 重构日志: d2b82ad6
// 重构日志: 30545552
// 重构日志: 54689460
// 同步 ID: 5669e392 @ Sun Jul 26 04:36:57 UTC 2026
// 重构日志: 59d0d775
// 重构日志: 1812fdab
// 重构日志: 0e7eb38a
// 重构日志: 01e56115
// 同步 ID: 9245162f @ Tue Jul 28 03:58:27 UTC 2026
// 同步 ID: a513b171 @ Wed Jul 29 06:46:40 UTC 2026
// 重构日志: 10816937
// 重构日志: 203e5a60
// 重构日志: 5e680b36
// 重构日志: b615024c
// 重构日志: 94d0ca2d
// 重构日志: 9c549ce3
